=== host: batch1165.desy.de   files in chunk: 10 ===
chunk: 0000/Ntuple_126.root 0000/Ntuple_127.root 0000/Ntuple_128.root 0000/Ntuple_129.root 0000/Ntuple_13.root 0000/Ntuple_130.root 0000/Ntuple_131.root 0000/Ntuple_132.root 0000/Ntuple_133.root 0000/Ntuple_134.root
CentOS Linux release 7.9.2009 (Core)
APPTAINER_CONTAINER=/cvmfs/unpacked.cern.ch/registry.hub.docker.com/cmssw/el7:x86_64
No Grid environment available for this OS.
Adding DESY site environment.
Setting up environment for compiling/running SFrame
ROOT:   6.14/09
Python:
Starting build_map_uhh2.py on 10 files at Sun Jul  5 06:20:09 CEST 2026
processing: 0000/Ntuple_126.root
/pnfs/desy.de/cms/tier2/store/group/uhh/uhh2ntuples/RunII_106X_v2/UL18/TTToSemiLeptonic_TuneCP5_13TeV-powheg-pythia8/crab_TTToSemiLeptonic_CP5_powheg-pythia8_Summer20UL18_v2/211116_134348/0000/Ntuple_126.root : 50000 entries
processing: 0000/Ntuple_127.root
/pnfs/desy.de/cms/tier2/store/group/uhh/uhh2ntuples/RunII_106X_v2/UL18/TTToSemiLeptonic_TuneCP5_13TeV-powheg-pythia8/crab_TTToSemiLeptonic_CP5_powheg-pythia8_Summer20UL18_v2/211116_134348/0000/Ntuple_127.root : 50000 entries
processing: 0000/Ntuple_128.root
/pnfs/desy.de/cms/tier2/store/group/uhh/uhh2ntuples/RunII_106X_v2/UL18/TTToSemiLeptonic_TuneCP5_13TeV-powheg-pythia8/crab_TTToSemiLeptonic_CP5_powheg-pythia8_Summer20UL18_v2/211116_134348/0000/Ntuple_128.root : 50000 entries
processing: 0000/Ntuple_129.root
/pnfs/desy.de/cms/tier2/store/group/uhh/uhh2ntuples/RunII_106X_v2/UL18/TTToSemiLeptonic_TuneCP5_13TeV-powheg-pythia8/crab_TTToSemiLeptonic_CP5_powheg-pythia8_Summer20UL18_v2/211116_134348/0000/Ntuple_129.root : 50000 entries
processing: 0000/Ntuple_13.root
/pnfs/desy.de/cms/tier2/store/group/uhh/uhh2ntuples/RunII_106X_v2/UL18/TTToSemiLeptonic_TuneCP5_13TeV-powheg-pythia8/crab_TTToSemiLeptonic_CP5_powheg-pythia8_Summer20UL18_v2/211116_134348/0000/Ntuple_13.root : 50000 entries
processing: 0000/Ntuple_130.root
/pnfs/desy.de/cms/tier2/store/group/uhh/uhh2ntuples/RunII_106X_v2/UL18/TTToSemiLeptonic_TuneCP5_13TeV-powheg-pythia8/crab_TTToSemiLeptonic_CP5_powheg-pythia8_Summer20UL18_v2/211116_134348/0000/Ntuple_130.root : 50000 entries
processing: 0000/Ntuple_131.root
/pnfs/desy.de/cms/tier2/store/group/uhh/uhh2ntuples/RunII_106X_v2/UL18/TTToSemiLeptonic_TuneCP5_13TeV-powheg-pythia8/crab_TTToSemiLeptonic_CP5_powheg-pythia8_Summer20UL18_v2/211116_134348/0000/Ntuple_131.root : 50000 entries
processing: 0000/Ntuple_132.root
/pnfs/desy.de/cms/tier2/store/group/uhh/uhh2ntuples/RunII_106X_v2/UL18/TTToSemiLeptonic_TuneCP5_13TeV-powheg-pythia8/crab_TTToSemiLeptonic_CP5_powheg-pythia8_Summer20UL18_v2/211116_134348/0000/Ntuple_132.root : 50000 entries
processing: 0000/Ntuple_133.root
/pnfs/desy.de/cms/tier2/store/group/uhh/uhh2ntuples/RunII_106X_v2/UL18/TTToSemiLeptonic_TuneCP5_13TeV-powheg-pythia8/crab_TTToSemiLeptonic_CP5_powheg-pythia8_Summer20UL18_v2/211116_134348/0000/Ntuple_133.root : 50000 entries
processing: 0000/Ntuple_134.root
/pnfs/desy.de/cms/tier2/store/group/uhh/uhh2ntuples/RunII_106X_v2/UL18/TTToSemiLeptonic_TuneCP5_13TeV-powheg-pythia8/crab_TTToSemiLeptonic_CP5_powheg-pythia8_Summer20UL18_v2/211116_134348/0000/Ntuple_134.root : 50000 entries
wrote 17 strength maps to /data/dust/user/ricardo/uhh2-106X_v2/CMSSW_10_6_28/src/UHH2/ZprimeSemiLeptonic/src/entanglementScripts/reweighting/strengthmaps_uhh2/NoSC_strengthmap_lb_0000_Ntuple_126.root:TTToSemiLeptonic/
processed 500000 events, filled 499858 semileptonic -> /data/dust/user/ricardo/uhh2-106X_v2/CMSSW_10_6_28/src/UHH2/ZprimeSemiLeptonic/src/entanglementScripts/reweighting/strengthmaps_uhh2/NoSC_strengthmap_lb_0000_Ntuple_126.root
build_map_uhh2.py finished (exit 0) at Sun Jul  5 06:23:15 CEST 2026
