=== host: batch1458.desy.de ===
CentOS Linux release 7.9.2009 (Core)
APPTAINER_CONTAINER=/cvmfs/unpacked.cern.ch/registry.hub.docker.com/cmssw/el7:x86_64
No Grid environment available for this OS.
Adding DESY site environment.
ROOT:   6.14/09
Python: Python 2.7.14+
Starting SkimSpincorr_wSystematics.py (file 2) at Fri Jun 26 17:48:57 CEST 2026
  NOTE 3/146 weights absent here (written as 1.0): prefiringweight, prefiringweightdown, prefiringweightup
TTToSemiLeptonic_muon          entries=9137834
  TTToSemiLeptonic_muon 500000/9137834
  TTToSemiLeptonic_muon 1000000/9137834
  TTToSemiLeptonic_muon 1500000/9137834
  TTToSemiLeptonic_muon 2000000/9137834
  TTToSemiLeptonic_muon 2500000/9137834
  TTToSemiLeptonic_muon 3000000/9137834
  TTToSemiLeptonic_muon 3500000/9137834
  TTToSemiLeptonic_muon 4000000/9137834
  TTToSemiLeptonic_muon 4500000/9137834
  TTToSemiLeptonic_muon 5000000/9137834
  TTToSemiLeptonic_muon 5500000/9137834
  TTToSemiLeptonic_muon 6000000/9137834
  TTToSemiLeptonic_muon 6500000/9137834
  TTToSemiLeptonic_muon 7000000/9137834
  TTToSemiLeptonic_muon 7500000/9137834
  TTToSemiLeptonic_muon 8000000/9137834
  TTToSemiLeptonic_muon 8500000/9137834
  TTToSemiLeptonic_muon 9000000/9137834

wrote spincorr_skim_TTToSemiLeptonic_UL18_muon.root : 9137834 events

--- self-validation (should match the locked baseline) ---
  reco Dtilde inclusive    = 0.3642   (analysis cHel_P3n        = 0.3519)
  reco Dtilde reco_Mtt>800 = 0.1593   (analysis cHel_P3n_Mtt800 = 0.1539)
  boosted (gen_Mtt>800): reco=0.2967 (eventwt)  gen=0.2304 (genwt)  reco/gen=1.29
    [gen now uses genweight; gen value & ratio shift slightly vs the old eventweighted 0.2195/1.26]
SkimSpincorr_wSystematics.py (file 2) finished (exit 0) at Sat Jun 27 02:41:37 CEST 2026
